/usr/bin/bash: line 1: node_modules/.bin/playwright: No such file or directory
